// Jest Snapshot v1, https://goo.gl/fbAQLP

exports[`<Item/> renders and matches the snapshot 1`] = `
<ItemStyles__Item>
  <img
    alt="A great game"
  />
  <Title>
    <Link
      href={
        Object {
          "pathname": "/item",
          "query": Object {
            "id": "ABC123",
          },
        }
      }
    >
      <a>
        A great game
      </a>
    </Link>
  </Title>
  <PriceTag>
    $40
  </PriceTag>
  <p>
    This item is is great!
  </p>
  <div
    className="buttonList"
  >
    <Link
      href={
        Object {
          "pathname": "update",
          "query": Object {
            "id": "ABC123",
          },
        }
      }
    >
      <a>
        Edit
      </a>
    </Link>
    <AddToCart
      id="ABC123"
    />
    <DeleteItem
      id="ABC123"
    >
      Delete this Item
    </DeleteItem>
  </div>
</ItemStyles__Item>
`;
